### Step 2A 
/Users/saramccargo

### Step 2B
cd Desktop

### Step 2C
cd Unit1-git-practice/

### Step 2D
/Users/saramccargo/Desktop/Unit1-git-practice

### Step 2E
Ls

### Step 2F

my-steps.txt
saramccargo@Saras-MacBook-Air Unit1-git-practice % 

### Step 2G
~

### Step 2H

saramccargo@Saras-MacBook-Air ~ % 
### Step 2I

Applications		Hwk4			Projects
Creative Cloud Files	Library			Public
Desktop			Movies			[Mccargo]-Part one
Documents		Music			newreactjs.jsx
Downloads		Pictures		nohup.out
### Step 2J
Pwd

### Step 2K

 cd Desktop/
cd Unit1-git-practice/

### Step 3A
Mkdir 

### Step 3B
Mv

### Step 3C

Mkdir
### Step 3D

 mv meats proteins
### Step 3E

Cd Desktop/Unit1-git-practice/
Cd veggie
Mkdir carrot.txt
Mkdir pea.text
### Step 3F
Cd ..
Cd sweets
Mkdir cookie.txt

### Step 3G
Mv cookie.txt donut.txt

### Step 3H
Cd ..
Mkdir thing.txt

### Step 3I

Cp -r thing.txt tofu.txt
### Step 3J

Mv tofu.txt proteins
### Step 3K
Cp-r
Mv

### Step 3L
Rm -r

### Step 3M
Cp -r

### Step 3N
Mkdir 
Rm 


### Step 4
Initialized empty Git repository in /Users/saramccargo/Desktop/Unit1-git-practice/.git/
saramccargo@Saras-MacBook-Air Unit1-git-practice % git add .
saramccargo@Saras-MacBook-Air Unit1-git-practice % git commit -m 'first commit'
[master (root-commit) 9f3d16a] first commit
 6 files changed, 103 insertions(+)
 create mode 100644 .DS_Store
 create mode 100644 my-steps.txt
 create mode 100644 plants/.DS_Store
 create mode 100644 proteins/.DS_Store
 create mode 100644 sweets/.DS_Store

### Step 5
Enumerating objects: 12, done.
Counting objects: 100% (12/12), done.
Delta compression using up to 4 threads
Compressing objects: 100% (8/8), done.
Writing objects: 100% (12/12), 2.33 KiB | 797.00 KiB/s, done.
Total 12 (delta 4), reused 0 (delta 0), pack-reused 0
remote: Resolving deltas: 100% (4/4), done.
To https://github.com/Mccargos/Unit1-git-practice.git
 * [new branch]      main -> main
Branch 'main' set up to track remote branch 'main' from 'origin'.

### Step 6
saramccargo@Saras-Air Unit1-git-practice % git status
On branch main
Your branch is up to date with 'origin/main'.

Changes not staged for commit:
  (use "git add <file>..." to update what will be committed)
  (use "git restore <file>..." to discard changes in working directory)
	modified:   .DS_Store
	modified:   my-steps.txt
	modified:   plants/.DS_Store
	modified:   proteins/.DS_Store
	modified:   sweets/.DS_Store

no changes added to commit (use "git add" and/or "git commit -a")
saramccargo@Saras-Air Unit1-git-practice % git add .
saramccargo@Saras-Air Unit1-git-practice % git comm

 5 files changed, 20 insertions(+), 2 deletions(-)
saramccargo@Saras-Air Unit1-git-practice % git push
Enumerating objects: 19, done.
Counting objects: 100% (19/19), done.
Delta compression using up to 4 threads
Compressing objects: 100% (7/7), done.
Writing objects: 100% (10/10), 1.44 KiB | 1.44 MiB/s, done.
Total 10 (delta 5), reused 0 (delta 0), pack-reused 0
remote: Resolving deltas: 100% (5/5), completed with 5 local objects.
To https://github.com/Mccargos/Unit1-git-practice.git
   9f3d16a..d4815e3  main -> main
saramccargo@Saras-Air Unit1-git-practice % 
### Step 7
*** DO NOT RECORD STEP 7 ***